[0m17:12:28.626802 [debug] [MainThread]: Sending event: {'category': 'dbt', 'action': 'invocation', 'label': 'start', 'context': [<snowplow_tracker.self_describing_json.SelfDescribingJson object at 0x000001E976349A90>, <snowplow_tracker.self_describing_json.SelfDescribingJson object at 0x000001E973B8AC10>, <snowplow_tracker.self_describing_json.SelfDescribingJson object at 0x000001E978A4F9D0>]}


============================== 17:12:28.636496 | 35c85df9-3e58-4ac3-b5fd-cd564d2d3fb5 ==============================
[0m17:12:28.636496 [info ] [MainThread]: Running with dbt=1.12.0
[0m17:12:28.637201 [debug] [MainThread]: running dbt with arguments {'static_parser': 'True', 'no_print': 'None', 'version_check': 'True', 'warn_error_options': 'WarnErrorOptionsV2(error=[], warn=[], silence=[])', 'target_path': 'None', 'maximum_seed_size_mib': '1', 'printer_width': '80', 'write_json': 'True', 'empty': 'None', 'log_cache_events': 'False', 'introspect': 'True', 'cache_selected_only': 'False', 'log_format': 'default', 'debug': 'False', 'fail_fast': 'False', 'profiles_dir': '.', 'send_anonymous_usage_stats': 'True', 'quiet': 'False', 'warn_error': 'None', 'partial_parse': 'True', 'use_colors': 'True', 'hints_enabled': 'True', 'indirect_selection': 'eager', 'use_experimental_parser': 'False', 'invocation_command': 'dbt debug --profiles-dir .', 'log_path': 'logs'}
[0m17:12:28.659111 [info ] [MainThread]: dbt version: 1.12.0
[0m17:12:28.659540 [info ] [MainThread]: python version: 3.14.2
[0m17:12:28.659815 [info ] [MainThread]: python path: C:\Users\mishy\Documents\Dev\Teagasc\potato performance prediction\.venv\Scripts\python.exe
[0m17:12:28.660433 [info ] [MainThread]: os info: Windows-11-10.0.26200-SP0
[0m17:12:28.660852 [info ] [MainThread]: Using profiles dir at .
[0m17:12:28.661135 [info ] [MainThread]: Using profiles.yml file at .\profiles.yml
[0m17:12:28.661363 [info ] [MainThread]: Using dbt_project.yml file at C:\Users\mishy\Documents\Dev\Teagasc\potato performance prediction\src\data_load\dbt_project.yml
[0m17:12:28.661928 [info ] [MainThread]: Configuration:
[0m17:12:28.662344 [info ] [MainThread]:   profiles.yml file [[31mERROR not found[0m]
[0m17:12:28.662778 [info ] [MainThread]:   dbt_project.yml file [[31mERROR not found[0m]
[0m17:12:28.663190 [info ] [MainThread]: Required dependencies:
[0m17:12:28.663674 [debug] [MainThread]: Executing "git --help"
[0m17:12:28.706141 [debug] [MainThread]: STDOUT: "b"usage: git [-v | --version] [-h | --help] [-C <path>] [-c <name>=<value>]\n           [--exec-path[=<path>]] [--html-path] [--man-path] [--info-path]\n           [-p | --paginate | -P | --no-pager] [--no-replace-objects] [--no-lazy-fetch]\n           [--no-optional-locks] [--no-advice] [--bare] [--git-dir=<path>]\n           [--work-tree=<path>] [--namespace=<name>] [--config-env=<name>=<envvar>]\n           <command> [<args>]\n\nThese are common Git commands used in various situations:\n\nstart a working area (see also: git help tutorial)\n   clone      Clone a repository into a new directory\n   init       Create an empty Git repository or reinitialize an existing one\n\nwork on the current change (see also: git help everyday)\n   add        Add file contents to the index\n   mv         Move or rename a file, a directory, or a symlink\n   restore    Restore working tree files\n   rm         Remove files from the working tree and from the index\n\nexamine the history and state (see also: git help revisions)\n   bisect     Use binary search to find the commit that introduced a bug\n   diff       Show changes between commits, commit and working tree, etc\n   grep       Print lines matching a pattern\n   log        Show commit logs\n   show       Show various types of objects\n   status     Show the working tree status\n\ngrow, mark and tweak your common history\n   backfill   Download missing objects in a partial clone\n   branch     List, create, or delete branches\n   commit     Record changes to the repository\n   history    EXPERIMENTAL: Rewrite history\n   merge      Join two or more development histories together\n   rebase     Reapply commits on top of another base tip\n   reset      Set `HEAD` or the index to a known state\n   switch     Switch branches\n   tag        Create, list, delete or verify tags\n\ncollaborate (see also: git help workflows)\n   fetch      Download objects and refs from another repository\n   pull       Fetch from and integrate with another repository or a local branch\n   push       Update remote refs along with associated objects\n\n'git help -a' and 'git help -g' list available subcommands and some\nconcept guides. See 'git help <command>' or 'git help <concept>'\nto read about a specific subcommand or concept.\nSee 'git help git' for an overview of the system.\n""
[0m17:12:28.706759 [debug] [MainThread]: STDERR: "b''"
[0m17:12:28.707075 [info ] [MainThread]:  - git [[32mOK found[0m]

[0m17:12:28.707565 [info ] [MainThread]: Connection test skipped since no profile was found
[0m17:12:28.708195 [info ] [MainThread]: [31m2 checks failed:[0m
[0m17:12:28.708644 [info ] [MainThread]: dbt looked for a profiles.yml file in .\profiles.yml, but did
not find one. For more information on configuring your profile, consult the
documentation:

https://docs.getdbt.com/docs/configure-your-profile


[0m17:12:28.708949 [info ] [MainThread]: Project loading failed for the following reason:
 project path <C:\Users\mishy\Documents\Dev\Teagasc\potato performance prediction\src\data_load\dbt_project.yml> not found

[0m17:12:28.709890 [debug] [MainThread]: Command `dbt debug` failed at 17:12:28.709756 after 0.25 seconds
[0m17:12:28.710195 [debug] [MainThread]: Sending event: {'category': 'dbt', 'action': 'invocation', 'label': 'end', 'context': [<snowplow_tracker.self_describing_json.SelfDescribingJson object at 0x000001E978BDA2C0>, <snowplow_tracker.self_describing_json.SelfDescribingJson object at 0x000001E978D2D490>, <snowplow_tracker.self_describing_json.SelfDescribingJson object at 0x000001E978C35E10>]}
[0m17:12:28.710507 [debug] [MainThread]: Flushing usage events
[0m17:12:30.066372 [debug] [MainThread]: An error was encountered while trying to flush usage events
